../Core/Src/main.c:73:5:main	8	static
../Core/Src/main.c:131:6:SystemClock_Config	88	static
../Core/Src/main.c:178:13:MX_I2C1_Init	8	static
../Core/Src/main.c:212:13:MX_SPI2_Init	8	static
../Core/Src/main.c:250:13:MX_USART2_UART_Init	8	static
../Core/Src/main.c:284:13:MX_GPIO_Init	48	static
../Core/Src/main.c:317:6:HAL_UART_RxCpltCallback	16	static
../Core/Src/main.c:323:6:Welcome_Message	656	static
../Core/Src/main.c:337:6:print_menu	16	static
../Core/Src/main.c:358:6:Error_Handler	4	static,ignoring_inline_asm
