23:34:33 **** Incremental Build of configuration Release for project BitBender ****
make -j16 all 
arm-none-eabi-gcc "../Core/Src/main.c" -mcpu=cortex-m4 -std=gnu11 -DUSE_HAL_DRIVER -DSTM32F411xE -c -I../Core/Inc -I../Drivers/STM32F4xx_HAL_Driver/Inc -I../Drivers/STM32F4xx_HAL_Driver/Inc/Legacy -I../Drivers/CMSIS/Device/ST/STM32F4xx/Include -I../Drivers/CMSIS/Include -Os -ffunction-sections -fdata-sections -Wall -fstack-usage -fcyclomatic-complexity -MMD -MP -MF"Core/Src/main.d" -MT"Core/Src/main.o" --specs=nano.specs -mfpu=fpv4-sp-d16 -mfloat-abi=hard -mthumb -o "Core/Src/main.o"
../Core/Src/main.c: In function 'main':
../Core/Src/main.c:103:3: warning: implicit declaration of function 'Welcome_Message' [-Wimplicit-function-declaration]
  103 |   Welcome_Message();
      |   ^~~~~~~~~~~~~~~
../Core/Src/main.c:104:3: warning: implicit declaration of function 'print_menu' [-Wimplicit-function-declaration]
  104 |   print_menu();
      |   ^~~~~~~~~~
../Core/Src/main.c: At top level:
../Core/Src/main.c:323:6: warning: conflicting types for 'Welcome_Message'; have 'void()'
  323 | void Welcome_Message(){
      |      ^~~~~~~~~~~~~~~
../Core/Src/main.c:103:3: note: previous implicit declaration of 'Welcome_Message' with type 'void()'
  103 |   Welcome_Message();
      |   ^~~~~~~~~~~~~~~
../Core/Src/main.c:337:6: warning: conflicting types for 'print_menu'; have 'void()'
  337 | void print_menu()
      |      ^~~~~~~~~~
../Core/Src/main.c:104:3: note: previous implicit declaration of 'print_menu' with type 'void()'
  104 |   print_menu();
      |   ^~~~~~~~~~
../Core/Src/main.c: In function 'print_menu':
../Core/Src/main.c:349:54: warning: implicit declaration of function 'strlen' [-Wimplicit-function-declaration]
  349 |     HAL_UART_Transmit(&huart2, (uint8_t *)menu_text, strlen(menu_text), HAL_MAX_DELAY);
      |                                                      ^~~~~~
../Core/Src/main.c:21:1: note: include '<string.h>' or provide a declaration of 'strlen'
   20 | #include "main.h"
  +++ |+#include <string.h>
   21 | 
../Core/Src/main.c:349:54: warning: incompatible implicit declaration of built-in function 'strlen' [-Wbuiltin-declaration-mismatch]
  349 |     HAL_UART_Transmit(&huart2, (uint8_t *)menu_text, strlen(menu_text), HAL_MAX_DELAY);
      |                                                      ^~~~~~
../Core/Src/main.c:349:54: note: include '<string.h>' or provide a declaration of 'strlen'
arm-none-eabi-gcc -o "BitBender.elf" @"objects.list"   -mcpu=cortex-m4 -T"C:\Users\Jagon\Desktop\stm32\BitBender\BitBender\STM32F411RETX_FLASH.ld" --specs=nosys.specs -Wl,-Map="BitBender.map" -Wl,--gc-sections -static --specs=nano.specs -mfpu=fpv4-sp-d16 -mfloat-abi=hard -mthumb -Wl,--start-group -lc -lm -Wl,--end-group
Finished building target: BitBender.elf
 
arm-none-eabi-size  BitBender.elf 
arm-none-eabi-objdump -h -S BitBender.elf  > "BitBender.list"
   text	   data	    bss	    dec	    hex	filename
   7996	     12	   1828	   9836	   266c	BitBender.elf
Finished building: default.size.stdout
 
Finished building: BitBender.list
 
23:34:36 **** Incremental Build of configuration Debug for project BitBender ****
make -j16 all 
arm-none-eabi-gcc "../Core/Src/main.c" -mcpu=cortex-m4 -std=gnu11 -g3 -DDEBUG -DUSE_HAL_DRIVER -DSTM32F411xE -c -I../Core/Inc -I../Drivers/STM32F4xx_HAL_Driver/Inc -I../Drivers/STM32F4xx_HAL_Driver/Inc/Legacy -I../Drivers/CMSIS/Device/ST/STM32F4xx/Include -I../Drivers/CMSIS/Include -O0 -ffunction-sections -fdata-sections -Wall -fstack-usage -fcyclomatic-complexity -MMD -MP -MF"Core/Src/main.d" -MT"Core/Src/main.o" --specs=nano.specs -mfpu=fpv4-sp-d16 -mfloat-abi=hard -mthumb -o "Core/Src/main.o"
../Core/Src/main.c: In function 'main':
../Core/Src/main.c:103:3: warning: implicit declaration of function 'Welcome_Message' [-Wimplicit-function-declaration]
  103 |   Welcome_Message();
      |   ^~~~~~~~~~~~~~~
../Core/Src/main.c:104:3: warning: implicit declaration of function 'print_menu' [-Wimplicit-function-declaration]
  104 |   print_menu();
      |   ^~~~~~~~~~
../Core/Src/main.c: At top level:
../Core/Src/main.c:323:6: warning: conflicting types for 'Welcome_Message'; have 'void()'
  323 | void Welcome_Message(){
      |      ^~~~~~~~~~~~~~~
../Core/Src/main.c:103:3: note: previous implicit declaration of 'Welcome_Message' with type 'void()'
  103 |   Welcome_Message();
      |   ^~~~~~~~~~~~~~~
../Core/Src/main.c:337:6: warning: conflicting types for 'print_menu'; have 'void()'
  337 | void print_menu()
      |      ^~~~~~~~~~
../Core/Src/main.c:104:3: note: previous implicit declaration of 'print_menu' with type 'void()'
  104 |   print_menu();
      |   ^~~~~~~~~~
../Core/Src/main.c: In function 'print_menu':
../Core/Src/main.c:349:54: warning: implicit declaration of function 'strlen' [-Wimplicit-function-declaration]
  349 |     HAL_UART_Transmit(&huart2, (uint8_t *)menu_text, strlen(menu_text), HAL_MAX_DELAY);
      |                                                      ^~~~~~
../Core/Src/main.c:21:1: note: include '<string.h>' or provide a declaration of 'strlen'
   20 | #include "main.h"
  +++ |+#include <string.h>
   21 | 
../Core/Src/main.c:349:54: warning: incompatible implicit declaration of built-in function 'strlen' [-Wbuiltin-declaration-mismatch]
  349 |     HAL_UART_Transmit(&huart2, (uint8_t *)menu_text, strlen(menu_text), HAL_MAX_DELAY);
      |                                                      ^~~~~~
../Core/Src/main.c:349:54: note: include '<string.h>' or provide a declaration of 'strlen'
arm-none-eabi-gcc -o "BitBender.elf" @"objects.list"   -mcpu=cortex-m4 -T"C:\Users\Jagon\Desktop\stm32\BitBender\BitBender\STM32F411RETX_FLASH.ld" --specs=nosys.specs -Wl,-Map="BitBender.map" -Wl,--gc-sections -static --specs=nano.specs -mfpu=fpv4-sp-d16 -mfloat-abi=hard -mthumb -Wl,--start-group -lc -lm -Wl,--end-group
Finished building target: BitBender.elf
 
arm-none-eabi-size  BitBender.elf 
arm-none-eabi-objdump -h -S BitBender.elf  > "BitBender.list"
   text	   data	    bss	    dec	    hex	filename
  11248	     12	   1828	  13088	   3320	BitBender.elf
Finished building: default.size.stdout
 
Finished building: BitBender.list
 
23:35:00 **** Incremental Build of configuration Debug for project BitBender ****
make -j16 all 
arm-none-eabi-size  BitBender.elf 
   text	   data	    bss	    dec	    hex	filename
  11248	     12	   1828	  13088	   3320	BitBender.elf
Finished building: default.size.stdout
 
